10:30:05 **** Incremental Build of configuration Debug for project lab4 ****
make all 
'Building file: ../src/lab4.c'
'Invoking: ARM gcc compiler'
arm-xilinx-eabi-gcc -Wall -O0 -g3 -c -fmessage-length=0 -I../../standalone_bsp_0/ps7_cortexa9_0/include -MMD -MP -MF"src/lab4.d" -MT"src/lab4.d" -o "src/lab4.o" "../src/lab4.c"
'Finished building: ../src/lab4.c'
' '
'Building target: lab4.elf'
'Invoking: ARM gcc linker'
arm-xilinx-eabi-gcc -Wl,-T -Wl,../src/lscript.ld -L../../standalone_bsp_0/ps7_cortexa9_0/lib -o "lab4.elf"  ./src/lab4.o   -Wl,--start-group,-lxil,-lgcc,-lc,--end-group
'Finished building target: lab4.elf'
' '
'Invoking: ARM Print Size'
arm-xilinx-eabi-size lab4.elf  |tee "lab4.elf.size"
   text	   data	    bss	    dec	    hex	filename
  23840	   1136	  22628	  47604	   b9f4	lab4.elf
'Finished building: lab4.elf.size'
' '
10:31:30 **** Incremental Build of configuration Debug for project lab4 ****
make all 
make: Nothing to be done for `all'.
10:34:36 **** Clean-only build of configuration Debug for project lab4 ****
make clean 
rm -rf  ./src/lab4.o  ./src/lab4.d  lab4.elf.size  lab4.elf
' '
10:34:38 **** Auto Build of configuration Debug for project lab4 ****
make all 
'Building file: ../src/lab4.c'
'Invoking: ARM gcc compiler'
arm-xilinx-eabi-gcc -Wall -O0 -g3 -c -fmessage-length=0 -I../../standalone_bsp_0/ps7_cortexa9_0/include -MMD -MP -MF"src/lab4.d" -MT"src/lab4.d" -o "src/lab4.o" "../src/lab4.c"
'Finished building: ../src/lab4.c'
' '
'Building target: lab4.elf'
'Invoking: ARM gcc linker'
arm-xilinx-eabi-gcc -Wl,-T -Wl,../src/lscript.ld -L../../standalone_bsp_0/ps7_cortexa9_0/lib -o "lab4.elf"  ./src/lab4.o   -Wl,--start-group,-lxil,-lgcc,-lc,--end-group
'Finished building target: lab4.elf'
' '
'Invoking: ARM Print Size'
arm-xilinx-eabi-size lab4.elf  |tee "lab4.elf.size"
   text	   data	    bss	    dec	    hex	filename
  23840	   1136	   8292	  33268	   81f4	lab4.elf
'Finished building: lab4.elf.size'
' '
10:38:00 **** Auto Build of configuration Debug for project lab4 ****
make all 
'Building file: ../src/lab4.c'
'Invoking: ARM gcc compiler'
arm-xilinx-eabi-gcc -Wall -O0 -g3 -c -fmessage-length=0 -I../../standalone_bsp_0/ps7_cortexa9_0/include -MMD -MP -MF"src/lab4.d" -MT"src/lab4.d" -o "src/lab4.o" "../src/lab4.c"
../src/lab4.c: In function 'main':
../src/lab4.c:13:4: warning: implicit declaration of function 'printf' [-Wimplicit-function-declaration]
../src/lab4.c:13:4: warning: incompatible implicit declaration of built-in function 'printf' [enabled by default]
'Finished building: ../src/lab4.c'
' '
'Building target: lab4.elf'
'Invoking: ARM gcc linker'
arm-xilinx-eabi-gcc -Wl,-T -Wl,../src/lscript.ld -L../../standalone_bsp_0/ps7_cortexa9_0/lib -o "lab4.elf"  ./src/lab4.o   -Wl,--start-group,-lxil,-lgcc,-lc,--end-group
f:/xilinx/sdk/2013.4/gnu/arm/nt/bin/../lib/gcc/arm-xilinx-eabi/4.7.3/../../../../arm-xilinx-eabi/bin/ld.exe: lab4.elf section `.text' will not fit in region `axi_bram_ctrl_0_S_AXI_BASEADDR'
f:/xilinx/sdk/2013.4/gnu/arm/nt/bin/../lib/gcc/arm-xilinx-eabi/4.7.3/../../../../arm-xilinx-eabi/bin/ld.exe: region `axi_bram_ctrl_0_S_AXI_BASEADDR' overflowed by 11308 bytes
collect2.exe: error: ld returned 1 exit status
make: *** [lab4.elf] ´íÎó 1
10:38:58 **** Clean-only build of configuration Debug for project lab4 ****
make clean 
rm -rf  ./src/lab4.o  ./src/lab4.d  lab4.elf.size  lab4.elf
' '
10:38:59 **** Auto Build of configuration Debug for project lab4 ****
make all 
'Building file: ../src/lab4.c'
'Invoking: ARM gcc compiler'
arm-xilinx-eabi-gcc -Wall -O0 -g3 -c -fmessage-length=0 -I../../standalone_bsp_0/ps7_cortexa9_0/include -MMD -MP -MF"src/lab4.d" -MT"src/lab4.d" -o "src/lab4.o" "../src/lab4.c"
../src/lab4.c: In function 'main':
../src/lab4.c:13:4: warning: implicit declaration of function 'printf' [-Wimplicit-function-declaration]
../src/lab4.c:13:4: warning: incompatible implicit declaration of built-in function 'printf' [enabled by default]
'Finished building: ../src/lab4.c'
' '
'Building target: lab4.elf'
'Invoking: ARM gcc linker'
arm-xilinx-eabi-gcc -Wl,-T -Wl,../src/lscript.ld -L../../standalone_bsp_0/ps7_cortexa9_0/lib -o "lab4.elf"  ./src/lab4.o   -Wl,--start-group,-lxil,-lgcc,-lc,--end-group
'Finished building target: lab4.elf'
' '
'Invoking: ARM Print Size'
arm-xilinx-eabi-size lab4.elf  |tee "lab4.elf.size"
   text	   data	    bss	    dec	    hex	filename
  36284	   2176	   8344	  46804	   b6d4	lab4.elf
'Finished building: lab4.elf.size'
' '
10:39:35 **** Incremental Build of configuration Debug for project lab4 ****
make all 
make: Nothing to be done for `all'.
10:40:41 **** Incremental Build of configuration Debug for project lab4 ****
make all 
make: Nothing to be done for `all'.
10:42:35 **** Incremental Build of configuration Debug for project lab4 ****
make all 
make: Nothing to be done for `all'.
10:43:33 **** Incremental Build of configuration Debug for project lab4 ****
make all 
make: Nothing to be done for `all'.
10:44:17 **** Incremental Build of configuration Debug for project lab4 ****
make all 
make: Nothing to be done for `all'.
10:45:21 **** Incremental Build of configuration Debug for project lab4 ****
make all 
make: Nothing to be done for `all'.
10:46:01 **** Incremental Build of configuration Debug for project lab4 ****
make all 
make: Nothing to be done for `all'.
10:46:37 **** Incremental Build of configuration Debug for project lab4 ****
make all 
make: Nothing to be done for `all'.
10:48:20 **** Incremental Build of configuration Debug for project lab4 ****
make all 
make: Nothing to be done for `all'.
