Copyright 1986-1999, 2001-2013 Xilinx, Inc. All Rights Reserved.
-----------------------------------------------------------------------------------
| Tool Version : Vivado v.2013.4 (win64) Build 353583 Mon Dec  9 17:49:19 MST 2013
| Date         : Mon Feb 03 07:33:30 2014
| Host         :  running 64-bit Service Pack 1  (build 7601)
| Command      : report_io -file system_wrapper_io_placed.rpt
| Design       : system_wrapper
| Device       : xc7z010
| Speed File   : -1
-----------------------------------------------------------------------------------

IO Information

Table of Contents
-----------------
1. Summary
2. IO Assignments by Package Pin

1. Summary
----------

+---------------+
| Total User IO |
+---------------+
|           138 |
+---------------+


2. IO Assignments by Package Pin
--------------------------------

+------------+--------------------+-----------+-------------------------+-----------+-------------------+----------------+------------+-----------+-------------+-----------+---------+------------+------------------------+------------------+
| Pin Number | Signal Name        | Pin Usage | Pin Name                | Direction | IO Standard       | IO Bank Number | Drive (mA) | Slew Rate | Termination | IOB Delay | Voltage | Constraint | IOB Sequential Element | Signal Integrity |
+------------+--------------------+-----------+-------------------------+-----------+-------------------+----------------+------------+-----------+-------------+-----------+---------+------------+------------------------+------------------+
| A1         | DDR_dm[0]          | IOPAD     | PS_DDR_DM0_502          | BIDIR     | SSTL15_T_DCI      |                |            |      FAST |             |           |         | FIXED      | NONE                   | SPLIT            |
| A2         | DDR_dq[2]          | IOPAD     | PS_DDR_DQ2_502          | BIDIR     | SSTL15_T_DCI      |                |            |      FAST |             |           |         | FIXED      | NONE                   | SPLIT            |
| A3         |                    |           | VCCO_DDR_502            |           |                   |                |            |           |             |           |   any** |            |                        |                  |
| A4         | DDR_dq[3]          | IOPAD     | PS_DDR_DQ3_502          | BIDIR     | SSTL15_T_DCI      |                |            |      FAST |             |           |         | FIXED      | NONE                   | SPLIT            |
| A5         | FIXED_IO_mio[6]    | IOPAD     | PS_MIO6_500             | BIDIR     | LVCMOS18*         |                |         12 |      SLOW |             |           |         | FIXED      | NONE                   | NONE             |
| A6         | FIXED_IO_mio[5]    | IOPAD     | PS_MIO5_500             | BIDIR     | LVCMOS18*         |                |         12 |      SLOW |             |           |         | FIXED      | NONE                   | NONE             |
| A7         | FIXED_IO_mio[1]    | IOPAD     | PS_MIO1_500             | BIDIR     | LVCMOS18*         |                |         12 |      SLOW |             |           |         | FIXED      | NONE                   | NONE             |
| A8         |                    |           | GND                     |           |                   |                |            |           |             |           |         |            |                        |                  |
| A9         | FIXED_IO_mio[43]   | IOPAD     | PS_MIO43_501            | BIDIR     | LVCMOS18*         |                |         12 |      SLOW |             |           |         | FIXED      | NONE                   | NONE             |
| A10        | FIXED_IO_mio[37]   | IOPAD     | PS_MIO37_501            | BIDIR     | LVCMOS18*         |                |         12 |      SLOW |             |           |         | FIXED      | NONE                   | NONE             |
| A11        | FIXED_IO_mio[36]   | IOPAD     | PS_MIO36_501            | BIDIR     | LVCMOS18*         |                |         12 |      SLOW |             |           |         | FIXED      | NONE                   | NONE             |
| A12        | FIXED_IO_mio[34]   | IOPAD     | PS_MIO34_501            | BIDIR     | LVCMOS18*         |                |         12 |      SLOW |             |           |         | FIXED      | NONE                   | NONE             |
| A13        |                    |           | VCCO_MIO1_501           |           |                   |                |            |           |             |           |   any** |            |                        |                  |
| A14        | FIXED_IO_mio[32]   | IOPAD     | PS_MIO32_501            | BIDIR     | LVCMOS18*         |                |         12 |      SLOW |             |           |         | FIXED      | NONE                   | NONE             |
| A15        | FIXED_IO_mio[26]   | IOPAD     | PS_MIO26_501            | BIDIR     | LVCMOS18*         |                |         12 |      SLOW |             |           |         | FIXED      | NONE                   | NONE             |
| A16        | FIXED_IO_mio[24]   | IOPAD     | PS_MIO24_501            | BIDIR     | LVCMOS18*         |                |         12 |      SLOW |             |           |         | FIXED      | NONE                   | NONE             |
| A17        | FIXED_IO_mio[20]   | IOPAD     | PS_MIO20_501            | BIDIR     | LVCMOS18*         |                |         12 |      SLOW |             |           |         | FIXED      | NONE                   | NONE             |
| A18        |                    |           | GND                     |           |                   |                |            |           |             |           |         |            |                        |                  |
| A19        | FIXED_IO_mio[16]   | IOPAD     | PS_MIO16_501            | BIDIR     | LVCMOS18*         |                |         12 |      SLOW |             |           |         | FIXED      | NONE                   | NONE             |
| A20        |                    | IOB33S    | IO_L2N_T0_AD8N_35       | UNUSED    |                   |             35 |            |           |             |           |         |            |                        |                  |
| B1         |                    |           | GND                     |           |                   |                |            |           |             |           |         |            |                        |                  |
| B2         | DDR_dqs_n[0]       | IOPAD     | PS_DDR_DQS_N0_502       | BIDIR     | DIFF_SSTL15_T_DCI |                |            |      FAST |             |           |         | FIXED      | NONE                   | SPLIT            |
| B3         | DDR_dq[1]          | IOPAD     | PS_DDR_DQ1_502          | BIDIR     | SSTL15_T_DCI      |                |            |      FAST |             |           |         | FIXED      | NONE                   | SPLIT            |
| B4         | DDR_reset_n        | IOPAD     | PS_DDR_DRST_B_502       | BIDIR     | SSTL15            |                |            |      FAST |             |           |         | FIXED      | NONE                   | NONE             |
| B5         | FIXED_IO_mio[9]    | IOPAD     | PS_MIO9_500             | BIDIR     | LVCMOS18*         |                |         12 |      SLOW |             |           |         | FIXED      | NONE                   | NONE             |
| B6         |                    |           | VCCO_MIO0_500           |           |                   |                |            |           |             |           |   any** |            |                        |                  |
| B7         | FIXED_IO_mio[4]    | IOPAD     | PS_MIO4_500             | BIDIR     | LVCMOS18*         |                |         12 |      SLOW |             |           |         | FIXED      | NONE                   | NONE             |
| B8         | FIXED_IO_mio[2]    | IOPAD     | PS_MIO2_500             | BIDIR     | LVCMOS18*         |                |         12 |      SLOW |             |           |         | FIXED      | NONE                   | NONE             |
| B9         | FIXED_IO_mio[51]   | IOPAD     | PS_MIO51_501            | BIDIR     | LVCMOS18*         |                |         12 |      SLOW |             |           |         | FIXED      | NONE                   | NONE             |
| B10        | FIXED_IO_ps_srstb  | IOPAD     | PS_SRST_B_501           | BIDIR     | LVCMOS18*         |                |         12 |      SLOW |             |           |         | FIXED      | NONE                   | NONE             |
| B11        |                    |           | GND                     |           |                   |                |            |           |             |           |         |            |                        |                  |
| B12        | FIXED_IO_mio[48]   | IOPAD     | PS_MIO48_501            | BIDIR     | LVCMOS18*         |                |          8 |      SLOW |             |           |         | FIXED      | NONE                   | NONE             |
| B13        | FIXED_IO_mio[50]   | IOPAD     | PS_MIO50_501            | BIDIR     | LVCMOS18*         |                |         12 |      SLOW |             |           |         | FIXED      | NONE                   | NONE             |
| B14        | FIXED_IO_mio[47]   | IOPAD     | PS_MIO47_501            | BIDIR     | LVCMOS18*         |                |         12 |      SLOW |             |           |         | FIXED      | NONE                   | NONE             |
| B15        | FIXED_IO_mio[45]   | IOPAD     | PS_MIO45_501            | BIDIR     | LVCMOS18*         |                |         12 |      SLOW |             |           |         | FIXED      | NONE                   | NONE             |
| B16        |                    |           | VCCO_MIO1_501           |           |                   |                |            |           |             |           |   any** |            |                        |                  |
| B17        | FIXED_IO_mio[22]   | IOPAD     | PS_MIO22_501            | BIDIR     | LVCMOS18*         |                |         12 |      SLOW |             |           |         | FIXED      | NONE                   | NONE             |
| B18        | FIXED_IO_mio[18]   | IOPAD     | PS_MIO18_501            | BIDIR     | LVCMOS18*         |                |         12 |      SLOW |             |           |         | FIXED      | NONE                   | NONE             |
| B19        |                    | IOB33M    | IO_L2P_T0_AD8P_35       | UNUSED    |                   |             35 |            |           |             |           |         |            |                        |                  |
| B20        |                    | IOB33S    | IO_L1N_T0_AD0N_35       | UNUSED    |                   |             35 |            |           |             |           |         |            |                        |                  |
| C1         | DDR_dq[6]          | IOPAD     | PS_DDR_DQ6_502          | BIDIR     | SSTL15_T_DCI      |                |            |      FAST |             |           |         | FIXED      | NONE                   | SPLIT            |
| C2         | DDR_dqs_p[0]       | IOPAD     | PS_DDR_DQS_P0_502       | BIDIR     | DIFF_SSTL15_T_DCI |                |            |      FAST |             |           |         | FIXED      | NONE                   | SPLIT            |
| C3         | DDR_dq[0]          | IOPAD     | PS_DDR_DQ0_502          | BIDIR     | SSTL15_T_DCI      |                |            |      FAST |             |           |         | FIXED      | NONE                   | SPLIT            |
| C4         |                    |           | GND                     |           |                   |                |            |           |             |           |         |            |                        |                  |
| C5         | FIXED_IO_mio[14]   | IOPAD     | PS_MIO14_500            | BIDIR     | LVCMOS18*         |                |         12 |      SLOW |             |           |         | FIXED      | NONE                   | NONE             |
| C6         | FIXED_IO_mio[11]   | IOPAD     | PS_MIO11_500            | BIDIR     | LVCMOS18*         |                |         12 |      SLOW |             |           |         | FIXED      | NONE                   | NONE             |
| C7         | FIXED_IO_ps_porb   | IOPAD     | PS_POR_B_500            | BIDIR     | LVCMOS18*         |                |         12 |      SLOW |             |           |         | FIXED      | NONE                   | NONE             |
| C8         | FIXED_IO_mio[15]   | IOPAD     | PS_MIO15_500            | BIDIR     | LVCMOS18*         |                |         12 |      SLOW |             |           |         | FIXED      | NONE                   | NONE             |
| C9         |                    |           | GND                     |           |                   |                |            |           |             |           |         |            |                        |                  |
| C10        | FIXED_IO_mio[52]   | IOPAD     | PS_MIO52_501            | BIDIR     | LVCMOS18*         |                |         12 |      SLOW |             |           |         | FIXED      | NONE                   | NONE             |
| C11        | FIXED_IO_mio[53]   | IOPAD     | PS_MIO53_501            | BIDIR     | LVCMOS18*         |                |         12 |      SLOW |             |           |         | FIXED      | NONE                   | NONE             |
| C12        | FIXED_IO_mio[49]   | IOPAD     | PS_MIO49_501            | BIDIR     | LVCMOS18*         |                |          8 |      SLOW |             |           |         | FIXED      | NONE                   | NONE             |
| C13        | FIXED_IO_mio[29]   | IOPAD     | PS_MIO29_501            | BIDIR     | LVCMOS18*         |                |         12 |      SLOW |             |           |         | FIXED      | NONE                   | NONE             |
| C14        |                    |           | GND                     |           |                   |                |            |           |             |           |         |            |                        |                  |
| C15        | FIXED_IO_mio[30]   | IOPAD     | PS_MIO30_501            | BIDIR     | LVCMOS18*         |                |         12 |      SLOW |             |           |         | FIXED      | NONE                   | NONE             |
| C16        | FIXED_IO_mio[28]   | IOPAD     | PS_MIO28_501            | BIDIR     | LVCMOS18*         |                |         12 |      SLOW |             |           |         | FIXED      | NONE                   | NONE             |
| C17        | FIXED_IO_mio[41]   | IOPAD     | PS_MIO41_501            | BIDIR     | LVCMOS18*         |                |         12 |      SLOW |             |           |         | FIXED      | NONE                   | NONE             |
| C18        | FIXED_IO_mio[39]   | IOPAD     | PS_MIO39_501            | BIDIR     | LVCMOS18*         |                |         12 |      SLOW |             |           |         | FIXED      | NONE                   | NONE             |
| C19        |                    |           | VCCO_35                 |           |                   |             35 |            |           |             |           |    3.30 |            |                        |                  |
| C20        |                    | IOB33M    | IO_L1P_T0_AD0P_35       | UNUSED    |                   |             35 |            |           |             |           |         |            |                        |                  |
| D1         | DDR_dq[5]          | IOPAD     | PS_DDR_DQ5_502          | BIDIR     | SSTL15_T_DCI      |                |            |      FAST |             |           |         | FIXED      | NONE                   | SPLIT            |
| D2         |                    |           | VCCO_DDR_502            |           |                   |                |            |           |             |           |   any** |            |                        |                  |
| D3         | DDR_dq[4]          | IOPAD     | PS_DDR_DQ4_502          | BIDIR     | SSTL15_T_DCI      |                |            |      FAST |             |           |         | FIXED      | NONE                   | SPLIT            |
| D4         | DDR_addr[13]       | IOPAD     | PS_DDR_A13_502          | BIDIR     | SSTL15            |                |            |      SLOW |             |           |         | FIXED      | NONE                   | NONE             |
| D5         | FIXED_IO_mio[8]    | IOPAD     | PS_MIO8_500             | BIDIR     | LVCMOS18*         |                |         12 |      SLOW |             |           |         | FIXED      | NONE                   | NONE             |
| D6         | FIXED_IO_mio[3]    | IOPAD     | PS_MIO3_500             | BIDIR     | LVCMOS18*         |                |         12 |      SLOW |             |           |         | FIXED      | NONE                   | NONE             |
| D7         |                    |           | VCCO_MIO0_500           |           |                   |                |            |           |             |           |   any** |            |                        |                  |
| D8         | FIXED_IO_mio[7]    | IOPAD     | PS_MIO7_500             | BIDIR     | LVCMOS18*         |                |         12 |      SLOW |             |           |         | FIXED      | NONE                   | NONE             |
| D9         | FIXED_IO_mio[12]   | IOPAD     | PS_MIO12_500            | BIDIR     | LVCMOS18*         |                |         12 |      SLOW |             |           |         | FIXED      | NONE                   | NONE             |
| D10        | FIXED_IO_mio[19]   | IOPAD     | PS_MIO19_501            | BIDIR     | LVCMOS18*         |                |         12 |      SLOW |             |           |         | FIXED      | NONE                   | NONE             |
| D11        | FIXED_IO_mio[23]   | IOPAD     | PS_MIO23_501            | BIDIR     | LVCMOS18*         |                |         12 |      SLOW |             |           |         | FIXED      | NONE                   | NONE             |
| D12        |                    |           | VCCO_MIO1_501           |           |                   |                |            |           |             |           |   any** |            |                        |                  |
| D13        | FIXED_IO_mio[27]   | IOPAD     | PS_MIO27_501            | BIDIR     | LVCMOS18*         |                |         12 |      SLOW |             |           |         | FIXED      | NONE                   | NONE             |
| D14        | FIXED_IO_mio[40]   | IOPAD     | PS_MIO40_501            | BIDIR     | LVCMOS18*         |                |         12 |      SLOW |             |           |         | FIXED      | NONE                   | NONE             |
| D15        | FIXED_IO_mio[33]   | IOPAD     | PS_MIO33_501            | BIDIR     | LVCMOS18*         |                |         12 |      SLOW |             |           |         | FIXED      | NONE                   | NONE             |
| D16        | FIXED_IO_mio[46]   | IOPAD     | PS_MIO46_501            | BIDIR     | LVCMOS18*         |                |         12 |      SLOW |             |           |         | FIXED      | NONE                   | NONE             |
| D17        |                    |           | GND                     |           |                   |                |            |           |             |           |         |            |                        |                  |
| D18        |                    | IOB33S    | IO_L3N_T0_DQS_AD1N_35   | UNUSED    |                   |             35 |            |           |             |           |         |            |                        |                  |
| D19        |                    | IOB33M    | IO_L4P_T0_35            | UNUSED    |                   |             35 |            |           |             |           |         |            |                        |                  |
| D20        |                    | IOB33S    | IO_L4N_T0_35            | UNUSED    |                   |             35 |            |           |             |           |         |            |                        |                  |
| E1         | DDR_dq[7]          | IOPAD     | PS_DDR_DQ7_502          | BIDIR     | SSTL15_T_DCI      |                |            |      FAST |             |           |         | FIXED      | NONE                   | SPLIT            |
| E2         | DDR_dq[8]          | IOPAD     | PS_DDR_DQ8_502          | BIDIR     | SSTL15_T_DCI      |                |            |      FAST |             |           |         | FIXED      | NONE                   | SPLIT            |
| E3         | DDR_dq[9]          | IOPAD     | PS_DDR_DQ9_502          | BIDIR     | SSTL15_T_DCI      |                |            |      FAST |             |           |         | FIXED      | NONE                   | SPLIT            |
| E4         | DDR_addr[12]       | IOPAD     | PS_DDR_A12_502          | BIDIR     | SSTL15            |                |            |      SLOW |             |           |         | FIXED      | NONE                   | NONE             |
| E5         |                    |           | VCCO_DDR_502            |           |                   |                |            |           |             |           |   any** |            |                        |                  |
| E6         | FIXED_IO_mio[0]    | IOPAD     | PS_MIO0_500             | BIDIR     | LVCMOS18*         |                |         12 |      SLOW |             |           |         | FIXED      | NONE                   | NONE             |
| E7         | FIXED_IO_ps_clk    | IOPAD     | PS_CLK_500              | BIDIR     | LVCMOS18*         |                |         12 |      SLOW |             |           |         | FIXED      | NONE                   | NONE             |
| E8         | FIXED_IO_mio[13]   | IOPAD     | PS_MIO13_500            | BIDIR     | LVCMOS18*         |                |         12 |      SLOW |             |           |         | FIXED      | NONE                   | NONE             |
| E9         | FIXED_IO_mio[10]   | IOPAD     | PS_MIO10_500            | BIDIR     | LVCMOS18*         |                |         12 |      SLOW |             |           |         | FIXED      | NONE                   | NONE             |
| E10        |                    |           | GND                     |           |                   |                |            |           |             |           |         |            |                        |                  |
| E11        |                    |           | PS_MIO_VREF_501         |           |                   |                |            |           |             |           |         |            |                        |                  |
| E12        | FIXED_IO_mio[42]   | IOPAD     | PS_MIO42_501            | BIDIR     | LVCMOS18*         |                |         12 |      SLOW |             |           |         | FIXED      | NONE                   | NONE             |
| E13        | FIXED_IO_mio[38]   | IOPAD     | PS_MIO38_501            | BIDIR     | LVCMOS18*         |                |         12 |      SLOW |             |           |         | FIXED      | NONE                   | NONE             |
| E14        | FIXED_IO_mio[17]   | IOPAD     | PS_MIO17_501            | BIDIR     | LVCMOS18*         |                |         12 |      SLOW |             |           |         | FIXED      | NONE                   | NONE             |
| E15        |                    |           | VCCO_MIO1_501           |           |                   |                |            |           |             |           |   any** |            |                        |                  |
| E16        | FIXED_IO_mio[31]   | IOPAD     | PS_MIO31_501            | BIDIR     | LVCMOS18*         |                |         12 |      SLOW |             |           |         | FIXED      | NONE                   | NONE             |
| E17        |                    | IOB33M    | IO_L3P_T0_DQS_AD1P_35   | UNUSED    |                   |             35 |            |           |             |           |         |            |                        |                  |
| E18        |                    | IOB33M    | IO_L5P_T0_AD9P_35       | UNUSED    |                   |             35 |            |           |             |           |         |            |                        |                  |
| E19        |                    | IOB33S    | IO_L5N_T0_AD9N_35       | UNUSED    |                   |             35 |            |           |             |           |         |            |                        |                  |
| E20        |                    |           | GND                     |           |                   |                |            |           |             |           |         |            |                        |                  |
| F1         | DDR_dm[1]          | IOPAD     | PS_DDR_DM1_502          | BIDIR     | SSTL15_T_DCI      |                |            |      FAST |             |           |         | FIXED      | NONE                   | SPLIT            |
| F2         | DDR_dqs_n[1]       | IOPAD     | PS_DDR_DQS_N1_502       | BIDIR     | DIFF_SSTL15_T_DCI |                |            |      FAST |             |           |         | FIXED      | NONE                   | SPLIT            |
| F3         |                    |           | GND                     |           |                   |                |            |           |             |           |         |            |                        |                  |
| F4         | DDR_addr[14]       | IOPAD     | PS_DDR_A14_502          | BIDIR     | SSTL15            |                |            |      SLOW |             |           |         | FIXED      | NONE                   | NONE             |
| F5         | DDR_addr[10]       | IOPAD     | PS_DDR_A10_502          | BIDIR     | SSTL15            |                |            |      SLOW |             |           |         | FIXED      | NONE                   | NONE             |
| F6         |                    |           | TDO_0                   |           |                   |                |            |           |             |           |         |            |                        |                  |
| F7         |                    |           | GND                     |           |                   |                |            |           |             |           |         |            |                        |                  |
| F8         |                    |           | VCCPAUX                 |           |                   |                |            |           |             |           |         |            |                        |                  |
| F9         |                    |           | TCK_0                   |           |                   |                |            |           |             |           |         |            |                        |                  |
| F10        |                    |           | RSVDGND                 |           |                   |                |            |           |             |           |         |            |                        |                  |
| F11        |                    |           | VCCBATT_0               |           |                   |                |            |           |             |           |         |            |                        |                  |
| F12        | FIXED_IO_mio[35]   | IOPAD     | PS_MIO35_501            | BIDIR     | LVCMOS18*         |                |         12 |      SLOW |             |           |         | FIXED      | NONE                   | NONE             |
| F13        | FIXED_IO_mio[44]   | IOPAD     | PS_MIO44_501            | BIDIR     | LVCMOS18*         |                |         12 |      SLOW |             |           |         | FIXED      | NONE                   | NONE             |
| F14        | FIXED_IO_mio[21]   | IOPAD     | PS_MIO21_501            | BIDIR     | LVCMOS18*         |                |         12 |      SLOW |             |           |         | FIXED      | NONE                   | NONE             |
| F15        | FIXED_IO_mio[25]   | IOPAD     | PS_MIO25_501            | BIDIR     | LVCMOS18*         |                |         12 |      SLOW |             |           |         | FIXED      | NONE                   | NONE             |
| F16        |                    | IOB33M    | IO_L6P_T0_35            | UNUSED    |                   |             35 |            |           |             |           |         |            |                        |                  |
| F17        |                    | IOB33S    | IO_L6N_T0_VREF_35       | UNUSED    |                   |             35 |            |           |             |           |         |            |                        |                  |
| F18        |                    |           | VCCO_35                 |           |                   |             35 |            |           |             |           |    3.30 |            |                        |                  |
| F19        |                    | IOB33M    | IO_L15P_T2_DQS_AD12P_35 | UNUSED    |                   |             35 |            |           |             |           |         |            |                        |                  |
| F20        |                    | IOB33S    | IO_L15N_T2_DQS_AD12N_35 | UNUSED    |                   |             35 |            |           |             |           |         |            |                        |                  |
| G1         |                    |           | VCCO_DDR_502            |           |                   |                |            |           |             |           |   any** |            |                        |                  |
| G2         | DDR_dqs_p[1]       | IOPAD     | PS_DDR_DQS_P1_502       | BIDIR     | DIFF_SSTL15_T_DCI |                |            |      FAST |             |           |         | FIXED      | NONE                   | SPLIT            |
| G3         | DDR_dq[10]         | IOPAD     | PS_DDR_DQ10_502         | BIDIR     | SSTL15_T_DCI      |                |            |      FAST |             |           |         | FIXED      | NONE                   | SPLIT            |
| G4         | DDR_addr[11]       | IOPAD     | PS_DDR_A11_502          | BIDIR     | SSTL15            |                |            |      SLOW |             |           |         | FIXED      | NONE                   | NONE             |
| G5         | FIXED_IO_ddr_vrn   | IOPAD     | PS_DDR_VRN_502          | BIDIR     | SSTL15_T_DCI      |                |            |      FAST |             |           |         | FIXED      | NONE                   | SPLIT            |
| G6         |                    |           | TDI_0                   |           |                   |                |            |           |             |           |         |            |                        |                  |
| G7         |                    |           | VCCPINT                 |           |                   |                |            |           |             |           |         |            |                        |                  |
| G8         |                    |           | VCCPLL                  |           |                   |                |            |           |             |           |         |            |                        |                  |
| G9         |                    |           | VCCPAUX                 |           |                   |                |            |           |             |           |         |            |                        |                  |
| G10        |                    |           | GND                     |           |                   |                |            |           |             |           |         |            |                        |                  |
| G11        |                    |           | VCCBRAM                 |           |                   |                |            |           |             |           |         |            |                        |                  |
| G12        |                    |           | GND                     |           |                   |                |            |           |             |           |         |            |                        |                  |
| G13        |                    |           | VCCINT                  |           |                   |                |            |           |             |           |         |            |                        |                  |
| G14        |                    | IOB33     | IO_0_35                 | UNUSED    |                   |             35 |            |           |             |           |         |            |                        |                  |
| G15        | sw_4bit_tri_i[0]   | IOB33S    | IO_L19N_T3_VREF_35      | INPUT     | LVCMOS33          |             35 |            |           |             |      NONE |         | FIXED      | NONE                   | NONE             |
| G16        |                    |           | GND                     |           |                   |                |            |           |             |           |         |            |                        |                  |
| G17        |                    | IOB33M    | IO_L16P_T2_35           | UNUSED    |                   |             35 |            |           |             |           |         |            |                        |                  |
| G18        |                    | IOB33S    | IO_L16N_T2_35           | UNUSED    |                   |             35 |            |           |             |           |         |            |                        |                  |
| G19        |                    | IOB33M    | IO_L18P_T2_AD13P_35     | UNUSED    |                   |             35 |            |           |             |           |         |            |                        |                  |
| G20        |                    | IOB33S    | IO_L18N_T2_AD13N_35     | UNUSED    |                   |             35 |            |           |             |           |         |            |                        |                  |
| H1         | DDR_dq[14]         | IOPAD     | PS_DDR_DQ14_502         | BIDIR     | SSTL15_T_DCI      |                |            |      FAST |             |           |         | FIXED      | NONE                   | SPLIT            |
| H2         | DDR_dq[13]         | IOPAD     | PS_DDR_DQ13_502         | BIDIR     | SSTL15_T_DCI      |                |            |      FAST |             |           |         | FIXED      | NONE                   | SPLIT            |
| H3         | DDR_dq[11]         | IOPAD     | PS_DDR_DQ11_502         | BIDIR     | SSTL15_T_DCI      |                |            |      FAST |             |           |         | FIXED      | NONE                   | SPLIT            |
| H4         |                    |           | VCCO_DDR_502            |           |                   |                |            |           |             |           |   any** |            |                        |                  |
| H5         | FIXED_IO_ddr_vrp   | IOPAD     | PS_DDR_VRP_502          | BIDIR     | SSTL15_T_DCI      |                |            |      FAST |             |           |         | FIXED      | NONE                   | SPLIT            |
| H6         |                    |           | PS_DDR_VREF0_502        |           |                   |                |            |           |             |           |         |            |                        |                  |
| H7         |                    |           | GND                     |           |                   |                |            |           |             |           |         |            |                        |                  |
| H8         |                    |           | VCCPAUX                 |           |                   |                |            |           |             |           |         |            |                        |                  |
| H9         |                    |           | GND                     |           |                   |                |            |           |             |           |         |            |                        |                  |
| H10        |                    |           | VCCBRAM                 |           |                   |                |            |           |             |           |         |            |                        |                  |
| H11        |                    |           | GND                     |           |                   |                |            |           |             |           |         |            |                        |                  |
| H12        |                    |           | VCCINT                  |           |                   |                |            |           |             |           |         |            |                        |                  |
| H13        |                    |           | GND                     |           |                   |                |            |           |             |           |         |            |                        |                  |
| H14        |                    |           | VCCO_35                 |           |                   |             35 |            |           |             |           |    3.30 |            |                        |                  |
| H15        |                    | IOB33M    | IO_L19P_T3_35           | UNUSED    |                   |             35 |            |           |             |           |         |            |                        |                  |
| H16        |                    | IOB33M    | IO_L13P_T2_MRCC_35      | UNUSED    |                   |             35 |            |           |             |           |         |            |                        |                  |
| H17        |                    | IOB33S    | IO_L13N_T2_MRCC_35      | UNUSED    |                   |             35 |            |           |             |           |         |            |                        |                  |
| H18        |                    | IOB33S    | IO_L14N_T2_AD4N_SRCC_35 | UNUSED    |                   |             35 |            |           |             |           |         |            |                        |                  |
| H19        |                    |           | GND                     |           |                   |                |            |           |             |           |         |            |                        |                  |
| H20        |                    | IOB33S    | IO_L17N_T2_AD5N_35      | UNUSED    |                   |             35 |            |           |             |           |         |            |                        |                  |
| J1         | DDR_dq[15]         | IOPAD     | PS_DDR_DQ15_502         | BIDIR     | SSTL15_T_DCI      |                |            |      FAST |             |           |         | FIXED      | NONE                   | SPLIT            |
| J2         |                    |           | GND                     |           |                   |                |            |           |             |           |         |            |                        |                  |
| J3         | DDR_dq[12]         | IOPAD     | PS_DDR_DQ12_502         | BIDIR     | SSTL15_T_DCI      |                |            |      FAST |             |           |         | FIXED      | NONE                   | SPLIT            |
| J4         | DDR_addr[9]        | IOPAD     | PS_DDR_A9_502           | BIDIR     | SSTL15            |                |            |      SLOW |             |           |         | FIXED      | NONE                   | NONE             |
| J5         | DDR_ba[2]          | IOPAD     | PS_DDR_BA2_502          | BIDIR     | SSTL15            |                |            |      SLOW |             |           |         | FIXED      | NONE                   | NONE             |
| J6         |                    |           | TMS_0                   |           |                   |                |            |           |             |           |         |            |                        |                  |
| J7         |                    |           | VCCPINT                 |           |                   |                |            |           |             |           |         |            |                        |                  |
| J8         |                    |           | GND                     |           |                   |                |            |           |             |           |         |            |                        |                  |
| J9         |                    |           | VCCADC_0                |           |                   |                |            |           |             |           |         |            |                        |                  |
| J10        |                    |           | GNDADC_0                |           |                   |                |            |           |             |           |         |            |                        |                  |
| J11        |                    |           | VCCAUX                  |           |                   |                |            |           |             |           |    1.80 |            |                        |                  |
| J12        |                    |           | GND                     |           |                   |                |            |           |             |           |         |            |                        |                  |
| J13        |                    |           | VCCINT                  |           |                   |                |            |           |             |           |         |            |                        |                  |
| J14        |                    | IOB33S    | IO_L20N_T3_AD6N_35      | UNUSED    |                   |             35 |            |           |             |           |         |            |                        |                  |
| J15        |                    | IOB33     | IO_25_35                | UNUSED    |                   |             35 |            |           |             |           |         |            |                        |                  |
| J16        |                    | IOB33S    | IO_L24N_T3_AD15N_35     | UNUSED    |                   |             35 |            |           |             |           |         |            |                        |                  |
| J17        |                    |           | VCCO_35                 |           |                   |             35 |            |           |             |           |    3.30 |            |                        |                  |
| J18        |                    | IOB33M    | IO_L14P_T2_AD4P_SRCC_35 | UNUSED    |                   |             35 |            |           |             |           |         |            |                        |                  |
| J19        |                    | IOB33S    | IO_L10N_T1_AD11N_35     | UNUSED    |                   |             35 |            |           |             |           |         |            |                        |                  |
| J20        |                    | IOB33M    | IO_L17P_T2_AD5P_35      | UNUSED    |                   |             35 |            |           |             |           |         |            |                        |                  |
| K1         | DDR_addr[8]        | IOPAD     | PS_DDR_A8_502           | BIDIR     | SSTL15            |                |            |      SLOW |             |           |         | FIXED      | NONE                   | NONE             |
| K2         | DDR_addr[1]        | IOPAD     | PS_DDR_A1_502           | BIDIR     | SSTL15            |                |            |      SLOW |             |           |         | FIXED      | NONE                   | NONE             |
| K3         | DDR_addr[3]        | IOPAD     | PS_DDR_A3_502           | BIDIR     | SSTL15            |                |            |      SLOW |             |           |         | FIXED      | NONE                   | NONE             |
| K4         | DDR_addr[7]        | IOPAD     | PS_DDR_A7_502           | BIDIR     | SSTL15            |                |            |      SLOW |             |           |         | FIXED      | NONE                   | NONE             |
| K5         |                    |           | GND                     |           |                   |                |            |           |             |           |         |            |                        |                  |
| K6         |                    |           | VCCO_0                  |           |                   |              0 |            |           |             |           |   any** |            |                        |                  |
| K7         |                    |           | GND                     |           |                   |                |            |           |             |           |         |            |                        |                  |
| K8         |                    |           | VCCPAUX                 |           |                   |                |            |           |             |           |         |            |                        |                  |
| K9         |                    | IPAD      | VP_0                    | UNUSED    |                   |              0 |            |           |             |           |         |            |                        |                  |
| K10        |                    |           | VREFN_0                 |           |                   |                |            |           |             |           |         |            |                        |                  |
| K11        |                    |           | GND                     |           |                   |                |            |           |             |           |         |            |                        |                  |
| K12        |                    |           | VCCINT                  |           |                   |                |            |           |             |           |         |            |                        |                  |
| K13        |                    |           | GND                     |           |                   |                |            |           |             |           |         |            |                        |                  |
| K14        |                    | IOB33M    | IO_L20P_T3_AD6P_35      | UNUSED    |                   |             35 |            |           |             |           |         |            |                        |                  |
| K15        |                    |           | GND                     |           |                   |                |            |           |             |           |         |            |                        |                  |
| K16        |                    | IOB33M    | IO_L24P_T3_AD15P_35     | UNUSED    |                   |             35 |            |           |             |           |         |            |                        |                  |
| K17        |                    | IOB33M    | IO_L12P_T1_MRCC_35      | UNUSED    |                   |             35 |            |           |             |           |         |            |                        |                  |
| K18        |                    | IOB33S    | IO_L12N_T1_MRCC_35      | UNUSED    |                   |             35 |            |           |             |           |         |            |                        |                  |
| K19        |                    | IOB33M    | IO_L10P_T1_AD11P_35     | UNUSED    |                   |             35 |            |           |             |           |         |            |                        |                  |
| K20        |                    |           | VCCO_35                 |           |                   |             35 |            |           |             |           |    3.30 |            |                        |                  |
| L1         | DDR_addr[5]        | IOPAD     | PS_DDR_A5_502           | BIDIR     | SSTL15            |                |            |      SLOW |             |           |         | FIXED      | NONE                   | NONE             |
| L2         | DDR_ck_p           | IOPAD     | PS_DDR_CKP_502          | BIDIR     | DIFF_SSTL15       |                |            |      FAST |             |           |         | FIXED      | NONE                   | NONE             |
| L3         |                    |           | VCCO_DDR_502            |           |                   |                |            |           |             |           |   any** |            |                        |                  |
| L4         | DDR_addr[6]        | IOPAD     | PS_DDR_A6_502           | BIDIR     | SSTL15            |                |            |      SLOW |             |           |         | FIXED      | NONE                   | NONE             |
| L5         | DDR_ba[0]          | IOPAD     | PS_DDR_BA0_502          | BIDIR     | SSTL15            |                |            |      SLOW |             |           |         | FIXED      | NONE                   | NONE             |
| L6         |                    |           | PROGRAM_B_0             |           |                   |                |            |           |             |           |         |            |                        |                  |
| L7         |                    |           | VCCPINT                 |           |                   |                |            |           |             |           |         |            |                        |                  |
| L8         |                    |           | GND                     |           |                   |                |            |           |             |           |         |            |                        |                  |
| L9         |                    |           | VREFP_0                 |           |                   |                |            |           |             |           |         |            |                        |                  |
| L10        |                    | IPAD      | VN_0                    | UNUSED    |                   |              0 |            |           |             |           |         |            |                        |                  |
| L11        |                    |           | VCCAUX                  |           |                   |                |            |           |             |           |    1.80 |            |                        |                  |
| L12        |                    |           | GND                     |           |                   |                |            |           |             |           |         |            |                        |                  |
| L13        |                    |           | VCCINT                  |           |                   |                |            |           |             |           |         |            |                        |                  |
| L14        |                    | IOB33M    | IO_L22P_T3_AD7P_35      | UNUSED    |                   |             35 |            |           |             |           |         |            |                        |                  |
| L15        |                    | IOB33S    | IO_L22N_T3_AD7N_35      | UNUSED    |                   |             35 |            |           |             |           |         |            |                        |                  |
| L16        |                    | IOB33M    | IO_L11P_T1_SRCC_35      | UNUSED    |                   |             35 |            |           |             |           |         |            |                        |                  |
| L17        |                    | IOB33S    | IO_L11N_T1_SRCC_35      | UNUSED    |                   |             35 |            |           |             |           |         |            |                        |                  |
| L18        |                    |           | GND                     |           |                   |                |            |           |             |           |         |            |                        |                  |
| L19        |                    | IOB33M    | IO_L9P_T1_DQS_AD3P_35   | UNUSED    |                   |             35 |            |           |             |           |         |            |                        |                  |
| L20        |                    | IOB33S    | IO_L9N_T1_DQS_AD3N_35   | UNUSED    |                   |             35 |            |           |             |           |         |            |                        |                  |
| M1         |                    |           | GND                     |           |                   |                |            |           |             |           |         |            |                        |                  |
| M2         | DDR_ck_n           | IOPAD     | PS_DDR_CKN_502          | BIDIR     | DIFF_SSTL15       |                |            |      FAST |             |           |         | FIXED      | NONE                   | NONE             |
| M3         | DDR_addr[2]        | IOPAD     | PS_DDR_A2_502           | BIDIR     | SSTL15            |                |            |      SLOW |             |           |         | FIXED      | NONE                   | NONE             |
| M4         | DDR_addr[4]        | IOPAD     | PS_DDR_A4_502           | BIDIR     | SSTL15            |                |            |      SLOW |             |           |         | FIXED      | NONE                   | NONE             |
| M5         | DDR_we_n           | IOPAD     | PS_DDR_WE_B_502         | BIDIR     | SSTL15            |                |            |      SLOW |             |           |         | FIXED      | NONE                   | NONE             |
| M6         |                    |           | CFGBVS_0                |           |                   |                |            |           |             |           |         |            |                        |                  |
| M7         |                    |           | GND                     |           |                   |                |            |           |             |           |         |            |                        |                  |
| M8         |                    |           | VCCPAUX                 |           |                   |                |            |           |             |           |         |            |                        |                  |
| M9         |                    |           | DXP_0                   |           |                   |                |            |           |             |           |         |            |                        |                  |
| M10        |                    |           | DXN_0                   |           |                   |                |            |           |             |           |         |            |                        |                  |
| M11        |                    |           | GND                     |           |                   |                |            |           |             |           |         |            |                        |                  |
| M12        |                    |           | VCCINT                  |           |                   |                |            |           |             |           |         |            |                        |                  |
| M13        |                    |           | GND                     |           |                   |                |            |           |             |           |         |            |                        |                  |
| M14        |                    | IOB33M    | IO_L23P_T3_35           | UNUSED    |                   |             35 |            |           |             |           |         |            |                        |                  |
| M15        |                    | IOB33S    | IO_L23N_T3_35           | UNUSED    |                   |             35 |            |           |             |           |         |            |                        |                  |
| M16        |                    |           | VCCO_35                 |           |                   |             35 |            |           |             |           |    3.30 |            |                        |                  |
| M17        |                    | IOB33M    | IO_L8P_T1_AD10P_35      | UNUSED    |                   |             35 |            |           |             |           |         |            |                        |                  |
| M18        |                    | IOB33S    | IO_L8N_T1_AD10N_35      | UNUSED    |                   |             35 |            |           |             |           |         |            |                        |                  |
| M19        |                    | IOB33M    | IO_L7P_T1_AD2P_35       | UNUSED    |                   |             35 |            |           |             |           |         |            |                        |                  |
| M20        |                    | IOB33S    | IO_L7N_T1_AD2N_35       | UNUSED    |                   |             35 |            |           |             |           |         |            |                        |                  |
| N1         | DDR_cs_n           | IOPAD     | PS_DDR_CS_B_502         | BIDIR     | SSTL15            |                |            |      SLOW |             |           |         | FIXED      | NONE                   | NONE             |
| N2         | DDR_addr[0]        | IOPAD     | PS_DDR_A0_502           | BIDIR     | SSTL15            |                |            |      SLOW |             |           |         | FIXED      | NONE                   | NONE             |
| N3         | DDR_cke            | IOPAD     | PS_DDR_CKE_502          | BIDIR     | SSTL15            |                |            |      SLOW |             |           |         | FIXED      | NONE                   | NONE             |
| N4         |                    |           | GND                     |           |                   |                |            |           |             |           |         |            |                        |                  |
| N5         | DDR_odt            | IOPAD     | PS_DDR_ODT_502          | BIDIR     | SSTL15            |                |            |      SLOW |             |           |         | FIXED      | NONE                   | NONE             |
| N6         |                    |           | RSVDVCC3                |           |                   |                |            |           |             |           |         |            |                        |                  |
| N7         |                    |           | VCCPINT                 |           |                   |                |            |           |             |           |         |            |                        |                  |
| N8         |                    |           | GND                     |           |                   |                |            |           |             |           |         |            |                        |                  |
| N9         |                    |           | VCCAUX                  |           |                   |                |            |           |             |           |    1.80 |            |                        |                  |
| N10        |                    |           | GND                     |           |                   |                |            |           |             |           |         |            |                        |                  |
| N11        |                    |           | VCCAUX                  |           |                   |                |            |           |             |           |    1.80 |            |                        |                  |
| N12        |                    |           | GND                     |           |                   |                |            |           |             |           |         |            |                        |                  |
| N13        |                    |           | VCCINT                  |           |                   |                |            |           |             |           |         |            |                        |                  |
| N14        |                    |           | GND                     |           |                   |                |            |           |             |           |         |            |                        |                  |
| N15        |                    | IOB33M    | IO_L21P_T3_DQS_AD14P_35 | UNUSED    |                   |             35 |            |           |             |           |         |            |                        |                  |
| N16        |                    | IOB33S    | IO_L21N_T3_DQS_AD14N_35 | UNUSED    |                   |             35 |            |           |             |           |         |            |                        |                  |
| N17        |                    | IOB33M    | IO_L23P_T3_34           | UNUSED    |                   |             34 |            |           |             |           |         |            |                        |                  |
| N18        |                    | IOB33M    | IO_L13P_T2_MRCC_34      | UNUSED    |                   |             34 |            |           |             |           |         |            |                        |                  |
| N19        |                    |           | VCCO_34                 |           |                   |             34 |            |           |             |           |    3.30 |            |                        |                  |
| N20        |                    | IOB33M    | IO_L14P_T2_SRCC_34      | UNUSED    |                   |             34 |            |           |             |           |         |            |                        |                  |
| P1         | DDR_dq[16]         | IOPAD     | PS_DDR_DQ16_502         | BIDIR     | SSTL15_T_DCI      |                |            |      FAST |             |           |         | FIXED      | NONE                   | SPLIT            |
| P2         |                    |           | VCCO_DDR_502            |           |                   |                |            |           |             |           |   any** |            |                        |                  |
| P3         | DDR_dq[17]         | IOPAD     | PS_DDR_DQ17_502         | BIDIR     | SSTL15_T_DCI      |                |            |      FAST |             |           |         | FIXED      | NONE                   | SPLIT            |
| P4         | DDR_ras_n          | IOPAD     | PS_DDR_RAS_B_502        | BIDIR     | SSTL15            |                |            |      SLOW |             |           |         | FIXED      | NONE                   | NONE             |
| P5         | DDR_cas_n          | IOPAD     | PS_DDR_CAS_B_502        | BIDIR     | SSTL15            |                |            |      SLOW |             |           |         | FIXED      | NONE                   | NONE             |
| P6         |                    |           | PS_DDR_VREF1_502        |           |                   |                |            |           |             |           |         |            |                        |                  |
| P7         |                    |           | GND                     |           |                   |                |            |           |             |           |         |            |                        |                  |
| P8         |                    |           | VCCPINT                 |           |                   |                |            |           |             |           |         |            |                        |                  |
| P9         |                    |           | GND                     |           |                   |                |            |           |             |           |         |            |                        |                  |
| P10        |                    |           | VCCAUX                  |           |                   |                |            |           |             |           |    1.80 |            |                        |                  |
| P11        |                    |           | GND                     |           |                   |                |            |           |             |           |         |            |                        |                  |
| P12        |                    |           | VCCINT                  |           |                   |                |            |           |             |           |         |            |                        |                  |
| P13        |                    |           | GND                     |           |                   |                |            |           |             |           |         |            |                        |                  |
| P14        |                    | IOB33M    | IO_L6P_T0_34            | UNUSED    |                   |             34 |            |           |             |           |         |            |                        |                  |
| P15        | sw_4bit_tri_i[1]   | IOB33M    | IO_L24P_T3_34           | INPUT     | LVCMOS33          |             34 |            |           |             |      NONE |         | FIXED      | NONE                   | NONE             |
| P16        | btns_4bit_tri_i[1] | IOB33S    | IO_L24N_T3_34           | INPUT     | LVCMOS33          |             34 |            |           |             |      NONE |         | FIXED      | NONE                   | NONE             |
| P17        |                    |           | GND                     |           |                   |                |            |           |             |           |         |            |                        |                  |
| P18        |                    | IOB33S    | IO_L23N_T3_34           | UNUSED    |                   |             34 |            |           |             |           |         |            |                        |                  |
| P19        |                    | IOB33S    | IO_L13N_T2_MRCC_34      | UNUSED    |                   |             34 |            |           |             |           |         |            |                        |                  |
| P20        |                    | IOB33S    | IO_L14N_T2_SRCC_34      | UNUSED    |                   |             34 |            |           |             |           |         |            |                        |                  |
| R1         | DDR_dq[19]         | IOPAD     | PS_DDR_DQ19_502         | BIDIR     | SSTL15_T_DCI      |                |            |      FAST |             |           |         | FIXED      | NONE                   | SPLIT            |
| R2         | DDR_dqs_p[2]       | IOPAD     | PS_DDR_DQS_P2_502       | BIDIR     | DIFF_SSTL15_T_DCI |                |            |      FAST |             |           |         | FIXED      | NONE                   | SPLIT            |
| R3         | DDR_dq[18]         | IOPAD     | PS_DDR_DQ18_502         | BIDIR     | SSTL15_T_DCI      |                |            |      FAST |             |           |         | FIXED      | NONE                   | SPLIT            |
| R4         | DDR_ba[1]          | IOPAD     | PS_DDR_BA1_502          | BIDIR     | SSTL15            |                |            |      SLOW |             |           |         | FIXED      | NONE                   | NONE             |
| R5         |                    |           | VCCO_DDR_502            |           |                   |                |            |           |             |           |   any** |            |                        |                  |
| R6         |                    |           | RSVDVCC2                |           |                   |                |            |           |             |           |         |            |                        |                  |
| R7         |                    |           | VCCPINT                 |           |                   |                |            |           |             |           |         |            |                        |                  |
| R8         |                    |           | GND                     |           |                   |                |            |           |             |           |         |            |                        |                  |
| R9         |                    |           | VCCAUX                  |           |                   |                |            |           |             |           |    1.80 |            |                        |                  |
| R10        |                    |           | INIT_B_0                |           |                   |                |            |           |             |           |         |            |                        |                  |
| R11        |                    |           | DONE_0                  |           |                   |                |            |           |             |           |         |            |                        |                  |
| R12        |                    |           | GND                     |           |                   |                |            |           |             |           |         |            |                        |                  |
| R13        |                    |           | VCCINT                  |           |                   |                |            |           |             |           |         |            |                        |                  |
| R14        |                    | IOB33S    | IO_L6N_T0_VREF_34       | UNUSED    |                   |             34 |            |           |             |           |         |            |                        |                  |
| R15        |                    |           | VCCO_34                 |           |                   |             34 |            |           |             |           |    3.30 |            |                        |                  |
| R16        |                    | IOB33M    | IO_L19P_T3_34           | UNUSED    |                   |             34 |            |           |             |           |         |            |                        |                  |
| R17        |                    | IOB33S    | IO_L19N_T3_VREF_34      | UNUSED    |                   |             34 |            |           |             |           |         |            |                        |                  |
| R18        | btns_4bit_tri_i[0] | IOB33S    | IO_L20N_T3_34           | INPUT     | LVCMOS33          |             34 |            |           |             |      NONE |         | FIXED      | NONE                   | NONE             |
| R19        |                    | IOB33     | IO_0_34                 | UNUSED    |                   |             34 |            |           |             |           |         |            |                        |                  |
| R20        |                    |           | GND                     |           |                   |                |            |           |             |           |         |            |                        |                  |
| T1         | DDR_dm[2]          | IOPAD     | PS_DDR_DM2_502          | BIDIR     | SSTL15_T_DCI      |                |            |      FAST |             |           |         | FIXED      | NONE                   | SPLIT            |
| T2         | DDR_dqs_n[2]       | IOPAD     | PS_DDR_DQS_N2_502       | BIDIR     | DIFF_SSTL15_T_DCI |                |            |      FAST |             |           |         | FIXED      | NONE                   | SPLIT            |
| T3         |                    |           | GND                     |           |                   |                |            |           |             |           |         |            |                        |                  |
| T4         | DDR_dq[20]         | IOPAD     | PS_DDR_DQ20_502         | BIDIR     | SSTL15_T_DCI      |                |            |      FAST |             |           |         | FIXED      | NONE                   | SPLIT            |
| T5         |                    |           | NC                      |           |                   |                |            |           |             |           |         |            |                        |                  |
| T6         |                    |           | RSVDVCC1                |           |                   |                |            |           |             |           |         |            |                        |                  |
| T7         |                    |           | GND                     |           |                   |                |            |           |             |           |         |            |                        |                  |
| T8         |                    |           | VCCO_13                 |           |                   |             13 |            |           |             |           |   any** |            |                        |                  |
| T9         |                    |           | NC                      |           |                   |                |            |           |             |           |         |            |                        |                  |
| T10        |                    | IOB33S    | IO_L1N_T0_34            | UNUSED    |                   |             34 |            |           |             |           |         |            |                        |                  |
| T11        |                    | IOB33M    | IO_L1P_T0_34            | UNUSED    |                   |             34 |            |           |             |           |         |            |                        |                  |
| T12        |                    | IOB33M    | IO_L2P_T0_34            | UNUSED    |                   |             34 |            |           |             |           |         |            |                        |                  |
| T13        |                    |           | GND                     |           |                   |                |            |           |             |           |         |            |                        |                  |
| T14        |                    | IOB33M    | IO_L5P_T0_34            | UNUSED    |                   |             34 |            |           |             |           |         |            |                        |                  |
| T15        |                    | IOB33S    | IO_L5N_T0_34            | UNUSED    |                   |             34 |            |           |             |           |         |            |                        |                  |
| T16        | sw_4bit_tri_i[3]   | IOB33M    | IO_L9P_T1_DQS_34        | INPUT     | LVCMOS33          |             34 |            |           |             |      NONE |         | FIXED      | NONE                   | NONE             |
| T17        |                    | IOB33M    | IO_L20P_T3_34           | UNUSED    |                   |             34 |            |           |             |           |         |            |                        |                  |
| T18        |                    |           | VCCO_34                 |           |                   |             34 |            |           |             |           |    3.30 |            |                        |                  |
| T19        |                    | IOB33     | IO_25_34                | UNUSED    |                   |             34 |            |           |             |           |         |            |                        |                  |
| T20        |                    | IOB33M    | IO_L15P_T2_DQS_34       | UNUSED    |                   |             34 |            |           |             |           |         |            |                        |                  |
| U1         |                    |           | VCCO_DDR_502            |           |                   |                |            |           |             |           |   any** |            |                        |                  |
| U2         | DDR_dq[22]         | IOPAD     | PS_DDR_DQ22_502         | BIDIR     | SSTL15_T_DCI      |                |            |      FAST |             |           |         | FIXED      | NONE                   | SPLIT            |
| U3         | DDR_dq[23]         | IOPAD     | PS_DDR_DQ23_502         | BIDIR     | SSTL15_T_DCI      |                |            |      FAST |             |           |         | FIXED      | NONE                   | SPLIT            |
| U4         | DDR_dq[21]         | IOPAD     | PS_DDR_DQ21_502         | BIDIR     | SSTL15_T_DCI      |                |            |      FAST |             |           |         | FIXED      | NONE                   | SPLIT            |
| U5         |                    |           | NC                      |           |                   |                |            |           |             |           |         |            |                        |                  |
| U6         |                    |           | GND                     |           |                   |                |            |           |             |           |         |            |                        |                  |
| U7         |                    |           | NC                      |           |                   |                |            |           |             |           |         |            |                        |                  |
| U8         |                    |           | NC                      |           |                   |                |            |           |             |           |         |            |                        |                  |
| U9         |                    |           | NC                      |           |                   |                |            |           |             |           |         |            |                        |                  |
| U10        |                    |           | NC                      |           |                   |                |            |           |             |           |         |            |                        |                  |
| U11        |                    |           | VCCO_13                 |           |                   |             13 |            |           |             |           |   any** |            |                        |                  |
| U12        |                    | IOB33S    | IO_L2N_T0_34            | UNUSED    |                   |             34 |            |           |             |           |         |            |                        |                  |
| U13        |                    | IOB33M    | IO_L3P_T0_DQS_PUDC_B_34 | UNUSED    |                   |             34 |            |           |             |           |         |            |                        |                  |
| U14        |                    | IOB33M    | IO_L11P_T1_SRCC_34      | UNUSED    |                   |             34 |            |           |             |           |         |            |                        |                  |
| U15        |                    | IOB33S    | IO_L11N_T1_SRCC_34      | UNUSED    |                   |             34 |            |           |             |           |         |            |                        |                  |
| U16        |                    |           | GND                     |           |                   |                |            |           |             |           |         |            |                        |                  |
| U17        |                    | IOB33S    | IO_L9N_T1_DQS_34        | UNUSED    |                   |             34 |            |           |             |           |         |            |                        |                  |
| U18        |                    | IOB33M    | IO_L12P_T1_MRCC_34      | UNUSED    |                   |             34 |            |           |             |           |         |            |                        |                  |
| U19        |                    | IOB33S    | IO_L12N_T1_MRCC_34      | UNUSED    |                   |             34 |            |           |             |           |         |            |                        |                  |
| U20        |                    | IOB33S    | IO_L15N_T2_DQS_34       | UNUSED    |                   |             34 |            |           |             |           |         |            |                        |                  |
| V1         | DDR_dq[24]         | IOPAD     | PS_DDR_DQ24_502         | BIDIR     | SSTL15_T_DCI      |                |            |      FAST |             |           |         | FIXED      | NONE                   | SPLIT            |
| V2         | DDR_dq[30]         | IOPAD     | PS_DDR_DQ30_502         | BIDIR     | SSTL15_T_DCI      |                |            |      FAST |             |           |         | FIXED      | NONE                   | SPLIT            |
| V3         | DDR_dq[31]         | IOPAD     | PS_DDR_DQ31_502         | BIDIR     | SSTL15_T_DCI      |                |            |      FAST |             |           |         | FIXED      | NONE                   | SPLIT            |
| V4         |                    |           | VCCO_DDR_502            |           |                   |                |            |           |             |           |   any** |            |                        |                  |
| V5         |                    |           | NC                      |           |                   |                |            |           |             |           |         |            |                        |                  |
| V6         |                    |           | NC                      |           |                   |                |            |           |             |           |         |            |                        |                  |
| V7         |                    |           | NC                      |           |                   |                |            |           |             |           |         |            |                        |                  |
| V8         |                    |           | NC                      |           |                   |                |            |           |             |           |         |            |                        |                  |
| V9         |                    |           | GND                     |           |                   |                |            |           |             |           |         |            |                        |                  |
| V10        |                    |           | NC                      |           |                   |                |            |           |             |           |         |            |                        |                  |
| V11        |                    |           | NC                      |           |                   |                |            |           |             |           |         |            |                        |                  |
| V12        |                    | IOB33M    | IO_L4P_T0_34            | UNUSED    |                   |             34 |            |           |             |           |         |            |                        |                  |
| V13        |                    | IOB33S    | IO_L3N_T0_DQS_34        | UNUSED    |                   |             34 |            |           |             |           |         |            |                        |                  |
| V14        |                    |           | VCCO_34                 |           |                   |             34 |            |           |             |           |    3.30 |            |                        |                  |
| V15        |                    | IOB33M    | IO_L10P_T1_34           | UNUSED    |                   |             34 |            |           |             |           |         |            |                        |                  |
| V16        | btns_4bit_tri_i[2] | IOB33M    | IO_L18P_T2_34           | INPUT     | LVCMOS33          |             34 |            |           |             |      NONE |         | FIXED      | NONE                   | NONE             |
| V17        |                    | IOB33M    | IO_L21P_T3_DQS_34       | UNUSED    |                   |             34 |            |           |             |           |         |            |                        |                  |
| V18        |                    | IOB33S    | IO_L21N_T3_DQS_34       | UNUSED    |                   |             34 |            |           |             |           |         |            |                        |                  |
| V19        |                    |           | GND                     |           |                   |                |            |           |             |           |         |            |                        |                  |
| V20        |                    | IOB33M    | IO_L16P_T2_34           | UNUSED    |                   |             34 |            |           |             |           |         |            |                        |                  |
| W1         | DDR_dq[26]         | IOPAD     | PS_DDR_DQ26_502         | BIDIR     | SSTL15_T_DCI      |                |            |      FAST |             |           |         | FIXED      | NONE                   | SPLIT            |
| W2         |                    |           | GND                     |           |                   |                |            |           |             |           |         |            |                        |                  |
| W3         | DDR_dq[29]         | IOPAD     | PS_DDR_DQ29_502         | BIDIR     | SSTL15_T_DCI      |                |            |      FAST |             |           |         | FIXED      | NONE                   | SPLIT            |
| W4         | DDR_dqs_n[3]       | IOPAD     | PS_DDR_DQS_N3_502       | BIDIR     | DIFF_SSTL15_T_DCI |                |            |      FAST |             |           |         | FIXED      | NONE                   | SPLIT            |
| W5         | DDR_dqs_p[3]       | IOPAD     | PS_DDR_DQS_P3_502       | BIDIR     | DIFF_SSTL15_T_DCI |                |            |      FAST |             |           |         | FIXED      | NONE                   | SPLIT            |
| W6         |                    |           | NC                      |           |                   |                |            |           |             |           |         |            |                        |                  |
| W7         |                    |           | VCCO_13                 |           |                   |             13 |            |           |             |           |   any** |            |                        |                  |
| W8         |                    |           | NC                      |           |                   |                |            |           |             |           |         |            |                        |                  |
| W9         |                    |           | NC                      |           |                   |                |            |           |             |           |         |            |                        |                  |
| W10        |                    |           | NC                      |           |                   |                |            |           |             |           |         |            |                        |                  |
| W11        |                    |           | NC                      |           |                   |                |            |           |             |           |         |            |                        |                  |
| W12        |                    |           | GND                     |           |                   |                |            |           |             |           |         |            |                        |                  |
| W13        | sw_4bit_tri_i[2]   | IOB33S    | IO_L4N_T0_34            | INPUT     | LVCMOS33          |             34 |            |           |             |      NONE |         | FIXED      | NONE                   | NONE             |
| W14        |                    | IOB33M    | IO_L8P_T1_34            | UNUSED    |                   |             34 |            |           |             |           |         |            |                        |                  |
| W15        |                    | IOB33S    | IO_L10N_T1_34           | UNUSED    |                   |             34 |            |           |             |           |         |            |                        |                  |
| W16        |                    | IOB33S    | IO_L18N_T2_34           | UNUSED    |                   |             34 |            |           |             |           |         |            |                        |                  |
| W17        |                    |           | VCCO_34                 |           |                   |             34 |            |           |             |           |    3.30 |            |                        |                  |
| W18        |                    | IOB33M    | IO_L22P_T3_34           | UNUSED    |                   |             34 |            |           |             |           |         |            |                        |                  |
| W19        |                    | IOB33S    | IO_L22N_T3_34           | UNUSED    |                   |             34 |            |           |             |           |         |            |                        |                  |
| W20        |                    | IOB33S    | IO_L16N_T2_34           | UNUSED    |                   |             34 |            |           |             |           |         |            |                        |                  |
| Y1         | DDR_dm[3]          | IOPAD     | PS_DDR_DM3_502          | BIDIR     | SSTL15_T_DCI      |                |            |      FAST |             |           |         | FIXED      | NONE                   | SPLIT            |
| Y2         | DDR_dq[28]         | IOPAD     | PS_DDR_DQ28_502         | BIDIR     | SSTL15_T_DCI      |                |            |      FAST |             |           |         | FIXED      | NONE                   | SPLIT            |
| Y3         | DDR_dq[25]         | IOPAD     | PS_DDR_DQ25_502         | BIDIR     | SSTL15_T_DCI      |                |            |      FAST |             |           |         | FIXED      | NONE                   | SPLIT            |
| Y4         | DDR_dq[27]         | IOPAD     | PS_DDR_DQ27_502         | BIDIR     | SSTL15_T_DCI      |                |            |      FAST |             |           |         | FIXED      | NONE                   | SPLIT            |
| Y5         |                    |           | GND                     |           |                   |                |            |           |             |           |         |            |                        |                  |
| Y6         |                    |           | NC                      |           |                   |                |            |           |             |           |         |            |                        |                  |
| Y7         |                    |           | NC                      |           |                   |                |            |           |             |           |         |            |                        |                  |
| Y8         |                    |           | NC                      |           |                   |                |            |           |             |           |         |            |                        |                  |
| Y9         |                    |           | NC                      |           |                   |                |            |           |             |           |         |            |                        |                  |
| Y10        |                    |           | VCCO_13                 |           |                   |             13 |            |           |             |           |   any** |            |                        |                  |
| Y11        |                    |           | NC                      |           |                   |                |            |           |             |           |         |            |                        |                  |
| Y12        |                    |           | NC                      |           |                   |                |            |           |             |           |         |            |                        |                  |
| Y13        |                    |           | NC                      |           |                   |                |            |           |             |           |         |            |                        |                  |
| Y14        |                    | IOB33S    | IO_L8N_T1_34            | UNUSED    |                   |             34 |            |           |             |           |         |            |                        |                  |
| Y15        |                    |           | GND                     |           |                   |                |            |           |             |           |         |            |                        |                  |
| Y16        | btns_4bit_tri_i[3] | IOB33M    | IO_L7P_T1_34            | INPUT     | LVCMOS33          |             34 |            |           |             |      NONE |         | FIXED      | NONE                   | NONE             |
| Y17        |                    | IOB33S    | IO_L7N_T1_34            | UNUSED    |                   |             34 |            |           |             |           |         |            |                        |                  |
| Y18        |                    | IOB33M    | IO_L17P_T2_34           | UNUSED    |                   |             34 |            |           |             |           |         |            |                        |                  |
| Y19        |                    | IOB33S    | IO_L17N_T2_34           | UNUSED    |                   |             34 |            |           |             |           |         |            |                        |                  |
| Y20        |                    |           | VCCO_34                 |           |                   |             34 |            |           |             |           |    3.30 |            |                        |                  |
+------------+--------------------+-----------+-------------------------+-----------+-------------------+----------------+------------+-----------+-------------+-----------+---------+------------+------------------------+------------------+
* Default value
** Special VCCO requirements may apply. Please consult the device family datasheet for specific guideline on VCCO requirements.


